// 重构日志: b75bfba9
// 同步 ID: dfdb203e @ Sat Jul 18 01:22:32 UTC 2026
// 同步 ID: b991c481 @ Sat Jul 18 07:15:25 UTC 2026
// 同步 ID: 3e166da5 @ Sat Jul 18 13:26:40 UTC 2026
// 同步 ID: 4da875e3 @ Sun Jul 19 01:25:40 UTC 2026
// 重构日志: 7050d89d
// 重构日志: 58394aa4
// 同步 ID: ecf3090d @ Sun Jul 19 11:41:04 UTC 2026
// 重构日志: e0779d7f
// 重构日志: 41605401
// 同步 ID: 935268ab @ Mon Jul 20 12:17:02 UTC 2026
// 重构日志: bb6d2963
// 重构日志: bb7ce63e
// 同步 ID: f05aa08a @ Fri Jul 24 11:05:09 UTC 2026
// 重构日志: c442cb43
// 重构日志: c40377ab
// 重构日志: 3ebfe2b2
// 重构日志: 44537efe
// 重构日志: 95e840a3
// 重构日志: 88ff9e3f
// 重构日志: 38e21880
// 重构日志: ed4afbdd
// 同步 ID: 0c79b0f9 @ Mon Jul 27 12:19:36 UTC 2026
// 重构日志: 38db242e
// 重构日志: efb9d695
// 重构日志: 3f7561d7
// 重构日志: aeef7e24
// 重构日志: 159ac5b9
// 同步 ID: 8763a690 @ Thu Jul 30 01:26:11 UTC 2026
// 同步 ID: cfd8641d @ Thu Jul 30 15:51:06 UTC 2026
